../Core/Src/main.c:87:6:vSendingtemp	40	static
../Core/Src/main.c:121:6:vSendinglight	48	static
../Core/Src/main.c:158:6:vSendinggas	64	static
../Core/Src/main.c:240:6:vuartsend	112	static
../Core/Src/main.c:272:5:main	56	static
../Core/Src/main.c:365:6:SystemClock_Config	88	static
../Core/Src/main.c:412:13:MX_ADC1_Init	24	static
../Core/Src/main.c:464:13:MX_ADC2_Init	24	static
../Core/Src/main.c:516:13:MX_ADC3_Init	24	static
../Core/Src/main.c:568:13:MX_USART2_UART_Init	8	static
../Core/Src/main.c:601:13:MX_GPIO_Init	40	static
../Core/Src/main.c:639:6:StartDefaultTask	16	static
../Core/Src/main.c:659:6:HAL_TIM_PeriodElapsedCallback	16	static
../Core/Src/main.c:677:6:Error_Handler	4	static,ignoring_inline_asm
